// Jest Snapshot v1, https://goo.gl/fbAQLP

exports[`CreateOffersForm renders the component 1`] = `
<section class="createoffer">
  <h2 class="createoffer__title">Criar nova oferta</h2>
  <form class="createoffer__form">
    <div class="createoffer__form__group"><label class="createoffer__form__label">título:</label> <input type="text" class="createoffer__form__input"></div>
    <div class="createoffer__form__group"><label class="createoffer__form__label">descrição:</label> <textarea rows="4" class="createoffer__form__textarea"></textarea></div>
    <div class="createoffer__form__group"><label class="createoffer__form__label">valor/custo mensal:</label> <input type="number" class="createoffer__form__input"></div>
    <div class="createoffer__form__group"><label class="createoffer__form__label">desconto:</label> <input type="number" class="createoffer__form__input"></div>
    <div class="createoffer__form__group"><label class="createoffer__form__label">imagem:</label> <input type="file" class="createoffer__form__input"></div> <button class="createoffer__form__button">Criar Oferta</button>
  </form>
</section>
`;
