// Jest Snapshot v1, https://goo.gl/fbAQLP

exports[`NewOfferCard renders the component 1`] = `
<section>
  <h2>Minhas ofertas</h2>
  <div>
    <div class="container-cards">
      <h3 style="text-align: center; width: 100%;">Você ainda não possui ofertas na lista de favoritos</h3>
    </div>
  </div>
  <h2>Lista de novas ofertas</h2>
  <div class="container-cards"></div>
</section>
`;
